共 51 话
  334 已存在，跳过
  338 「【KBRS】第2部第338话红色凌晨」 73 图
  → s2/338.pdf  (73 页)
  342 「【KBRS】第2部第342话斩首」 67 图
  → s2/342.pdf  (67 页)
  346 「【KBRS】第2部第346话气呼吸？！」 67 图
  → s2/346.pdf  (67 页)
  348 「【KBRS】第2部第348话最高贵的黑社会」 79 图
  → s2/348.pdf  (79 页)
  355 「【KBRS】第2部第355话德哥的实力」 82 图
  → s2/355.pdf  (82 页)
  358 「【KBRS】第2部第358话最强VS无敌」 74 图
  → s2/358.pdf  (74 页)
  363 「【KBRS】第2部第363话围栏计划」 75 图
  → s2/363.pdf  (75 页)
  !! 364 IncompleteRead(2045086 bytes read, 1230591 more expected)
  !! 365 IncompleteRead(1504416 bytes read, 1782426 more expected)
  366 「【KBRS】第2部第366话围栏计划」 71 图
  → s2/366.pdf  (71 页)
  368 「【KBRS】第2部第368话SPY」 72 图
  → s2/368.pdf  (72 页)
  !! 369 IncompleteRead(1520802 bytes read, 1753580 more expected)
  374 「【KBRS】第2部第374话借用愤怒」 84 图
  → s2/374.pdf  (84 页)
  378 「【KBRS】第2部第378话男人的泪」 81 图
  → s2/378.pdf  (81 页)
  !! 380 IncompleteRead(1815710 bytes read, 1465457 more expected)
  381 「【KBRS】第2部第381话猎人们」 73 图
  → s2/381.pdf  (73 页)
  382 「【KBRS】第2部第382话改变」 80 图
  → s2/382.pdf  (80 页)
  383 「【KBRS】第2部第383话德哥要是我哥哥就好了」 73 图
  → s2/383.pdf  (73 页)
  384 「【KBRS】第2部第384话因果」 78 图
  → s2/384.pdf  (78 页)
  !! 385 IncompleteRead(1455266 bytes read, 1849358 more expected)
  386 「【KBRS】第2部第386话休战三天」 75 图
  → s2/386.pdf  (75 页)
  387 「【KBRS】第2部第387话你哥哥绝对没有自杀」 80 图
  → s2/387.pdf  (80 页)
  388 「【KBRS】第2部第388话真怪物的儿子」 78 图
  → s2/388.pdf  (78 页)
  !! 389 IncompleteRead(1537184 bytes read, 1758972 more expected)
  391 「【KBRS】第2部第391话我是来为朋友报仇的」 80 图
  → s2/391.pdf  (80 页)
  !! 392 IncompleteRead(2946208 bytes read, 361546 more expected)
  393 「【KBRS】第2部第393话青蛇！」 77 图
  → s2/393.pdf  (77 页)
  !! 394 IncompleteRead(1701022 bytes read, 1620530 more expected)
  395 「【KBRS】第2部第395话我自己都不知道，现在自己有多强」 84 图
  → s2/395.pdf  (84 页)
  396 「【KBRS】第2部第396话最上层捕食者」 75 图
  → s2/396.pdf  (75 页)
  397 「【KBRS】第2部第397话我是队长」 81 图
  → s2/397.pdf  (81 页)
  398 「【KBRS】第2部第398话你也会？」 80 图
  → s2/398.pdf  (80 页)
  399 「【KBRS】第2部第399话Very！」 81 图
  → s2/399.pdf  (81 页)
  400 「【KBRS】第2部第400话克拉肯的诞生」 87 图
共 51 话
  334 已存在，跳过
  338 已存在，跳过
  342 已存在，跳过
  346 已存在，跳过
  348 已存在，跳过
  355 已存在，跳过
  358 已存在，跳过
  363 已存在，跳过
  364 「【KBRS】第2部第364话德哥的阿特曼」 67 图
  → s2/364.pdf  (67 页)
  365 「【KBRS】第2部第365话我也想跟你们交流」 74 图
  → s2/365.pdf  (74 页)
  366 已存在，跳过
  368 已存在，跳过
  369 「【KBRS】第2部第369话德哥的弱点」 66 图
  → s2/369.pdf  (66 页)
  374 已存在，跳过
  378 已存在，跳过
  380 「【KBRS】第2部第380话」 67 图
  → s2/380.pdf  (67 页)
  381 已存在，跳过
  382 已存在，跳过
  383 已存在，跳过
  384 已存在，跳过
  385 「【KBRS】第2部第385话哥哥，李建宇」 78 图
  → s2/385.pdf  (78 页)
  386 已存在，跳过
  387 已存在，跳过
  388 已存在，跳过
  389 「【KBRS】第2部第389话我要为哥哥报仇」 73 图
  → s2/389.pdf  (73 页)
  391 已存在，跳过
  392 「【KBRS】第2部第392话凭自信！」 80 图
  → s2/392.pdf  (80 页)
  393 已存在，跳过
  394 「【KBRS】第2部第394话我一个打三个」 88 图
  → s2/394.pdf  (88 页)
  395 已存在，跳过
  396 已存在，跳过
  397 已存在，跳过
  398 已存在，跳过
  399 已存在，跳过
  400 「【KBRS】第2部第400话克拉肯的诞生」 87 图
  → s2/400.pdf  (87 页)
  401 「【KBRS】第2部第401话光男VS克拉肯」 79 图
  → s2/401.pdf  (79 页)
  402 「【KBRS】第2部第402话找到她了！」 91 图
  → s2/402.pdf  (91 页)
  403 「」 0 图
  404 「【KBRS】第2部第404话二选一」 98 图
  → s2/404.pdf  (98 页)
  405 「【KBRS】第2部第405话收服」 87 图
  → s2/405.pdf  (87 页)
  406 「【KBRS】第2部第406话要跟他相亲吗？」 87 图
  → s2/406.pdf  (87 页)
  407 「【KBRS】第2部第407话首尔还是得有百万名」 95 图
  → s2/407.pdf  (95 页)
  408 「【KBRS】第2部第408话他是人吗？」 90 图
  → s2/408.pdf  (90 页)
  409 「【KBRS】第2部第409话百万名们」 94 图
  → s2/409.pdf  (94 页)
  410 「【KBRS】第2部第410话百万朵and杂货商」 92 图
  → s2/410.pdf  (92 页)
  411 「【KBRS】第2部第411话亲孙子VS真孙子」 90 图
  → s2/411.pdf  (90 页)
  412 「【KBRS】第2部第412话奶奶！」 95 图
  → s2/412.pdf  (95 页)
  413 「【KBRS】第2部第413话朋友的拜托」 97 图
  → s2/413.pdf  (97 页)
  414 「【KBRS】第2部第414话煞（附BGM）」 95 图
  → s2/414.pdf  (95 页)
  415 「【KBRS】第2部第415话我们回家，奶奶」 90 图
  → s2/415.pdf  (90 页)
  416 「【KBRS】第2部第416话开票者」 95 图
  → s2/416.pdf  (95 页)
失败: ['403']
