331 「【KBRS】第2部第331话这就是'张佳'」
  331 「【KBRS】第2部第331话这就是‘张佳’」 67 图
  → s2/331.pdf  (67 页)
332 「【KBRS】第2部第332话朋友就是喜怒哀乐与人生」
  332 「【KBRS】第2部第332话朋友就是喜怒哀乐与人生」 80 图
  → s2/332.pdf  (80 页)
333 「【KBRS】第2部第333话棒球真好玩」
  333 「【KBRS】第2部第333话棒球真好玩」 79 图
  → s2/333.pdf  (79 页)
334 ✗ 搜狗没搜到
335 「【KBRS】第2部第335话444-S3-00010810」
  335 「【KBRS】第2部第335话444-S3-00010810」 71 图
  → s2/335.pdf  (71 页)
336 「【KBRS】第2部第336话不要找我,谢谢」
  336 「【KBRS】第2部第336话不要找我，谢谢」 69 图
  → s2/336.pdf  (69 页)
337 「【KBRS】第2部第337话昂~我在想你~」
  337 「【KBRS】第2部第337话昂~我在想你~」 72 图
  → s2/337.pdf  (72 页)
338 ✗ 搜狗没搜到
339 「【KBRS】第2部第339话哥哥」
  339 「【KBRS】第2部第339话哥哥」 74 图
  → s2/339.pdf  (74 页)
340 「【KBRS】第2部第340话一道光」
  340 「【KBRS】第2部第340话一道光」 93 图
  → s2/340.pdf  (93 页)
341 「【KBRS】第2部第341话开打开打!」
  341 「【KBRS】第2部第341话开打开打！」 58 图
  → s2/341.pdf  (58 页)
342 ✗ 搜狗没搜到
343 「【KBRS】第2部第343话100%以上的攻击力」
  343 「【KBRS】第2部第343话100%以上的攻击力」 69 图
  → s2/343.pdf  (69 页)
344 「【KBRS】第2部第344话狗贩子!」
  344 「【KBRS】第2部第344话狗贩子！」 64 图
  → s2/344.pdf  (64 页)
345 「【KBRS】第2部第345话以最快的速度」
  345 「【KBRS】第2部第345话以最快的速度」 83 图
  → s2/345.pdf  (83 页)
346 ✗ 搜狗没搜到
347 「【KBRS】第2部第347话战争手真正的目的」
  347 「【KBRS】第2部第347话战争手真正的目的」 74 图
  → s2/347.pdf  (74 页)
348 ✗ 搜狗没搜到
349 「【KBRS】第2部第349话德哥」
  349 「【KBRS】第2部第349话德哥」 92 图
  → s2/349.pdf  (92 页)
350 「【KBRS】第2部第350话甲中甲」
  350 「【KBRS】第2部第350话甲中甲」 81 图
  → s2/350.pdf  (81 页)
351 「【KBRS】第2部第351话让我来揍你一顿」
  351 「【KBRS】第2部第351话让我来揍你一顿」 64 图
  → s2/351.pdf  (64 页)
352 「【KBRS】第2部第352话开始吧,光男」
  352 「【KBRS】第2部第352话开始吧，光男」 68 图
  → s2/352.pdf  (68 页)
353 「【KBRS】第2部第353话容器的大小」
  353 「【KBRS】第2部第353话容器的大小」 75 图
  → s2/353.pdf  (75 页)
354 「【KBRS】第2部第354话那家伙真强」
  354 「【KBRS】第2部第354话那家伙真强」 75 图
  → s2/354.pdf  (75 页)
355 ✗ 搜狗没搜到
356 「【KBRS】第2部第356话蜕皮」
  356 「【KBRS】第2部第356话蜕皮」 75 图
  → s2/356.pdf  (75 页)
357 「【KBRS】第2部第357话两个烟头」
  357 「【KBRS】第2部第357话两个烟头」 77 图
  → s2/357.pdf  (77 页)
358 ✗ 搜狗没搜到
359 「【KBRS】第2部第359话石头VS布」
  359 「【KBRS】第2部第359话石头VS布」 69 图
  → s2/359.pdf  (69 页)
360 「【KBRS】第2部第360话胜负已分」
  360 「【KBRS】第2部第360话胜负已分」 78 图
  → s2/360.pdf  (78 页)
361 「【KBRS】第2部第361话无畏境界」
  361 「【KBRS】第2部第361话无畏境界」 80 图
  → s2/361.pdf  (80 页)
362 「【KBRS】第2部第362话能不能教教我这招?」
  362 「【KBRS】第2部第362话能不能教教我这招？」 69 图
  → s2/362.pdf  (69 页)
363 ✗ 搜狗没搜到
364 ✗ 搜狗没搜到
365 ✗ 搜狗没搜到
366 ✗ 搜狗没搜到
367 「【KBRS】第2部第367话她又来了」
  367 「【KBRS】第2部第367话她又来了」 76 图
  → s2/367.pdf  (76 页)
368 ✗ 搜狗没搜到
369 ✗ 搜狗没搜到
370 「【KBRS】第2部第370话原因」
  370 「【KBRS】第2部第370话原因」 76 图
  → s2/370.pdf  (76 页)
371 「【KBRS】第2部第371话放羊少年」
  371 「【KBRS】第2部第371话放羊少年」 78 图
  → s2/371.pdf  (78 页)
372 「【KBRS】第2部第372话好可爱」
  372 「【KBRS】第2部第372话好可爱」 76 图
  → s2/372.pdf  (76 页)
373 「【KBRS】第2部第373话好伤心」
  373 「【KBRS】第2部第373话好伤心」 75 图
  → s2/373.pdf  (75 页)
374 ✗ 搜狗没搜到
375 「【KBRS】第2部第375话不公平」
  375 「【KBRS】第2部第375话不公平」 82 图
  → s2/375.pdf  (82 页)
376 「【KBRS】第2部第376话果然是果然果然啊(附BGM)」
  376 「【KBRS】第2部第376话果然是果然果然啊（附BGM）」 84 图
  → s2/376.pdf  (84 页)
377 「【KBRS】第2部第377话徽章对决」
  377 「【KBRS】第2部第377话徽章对决」 78 图
  → s2/377.pdf  (78 页)
378 ✗ 搜狗没搜到
379 「【KBRS】第2部第379话打赢我就告诉你」
  379 「【KBRS】第2部第379话打赢我就告诉你」 73 图
  → s2/379.pdf  (73 页)
380 ✗ 搜狗没搜到
381 ✗ 搜狗没搜到
382 ✗ 搜狗没搜到
383 ✗ 搜狗没搜到
384 ✗ 搜狗没搜到
385 ✗ 搜狗没搜到
386 ✗ 搜狗没搜到
387 ✗ 搜狗没搜到
388 ✗ 搜狗没搜到
389 ✗ 搜狗没搜到
390 「【KBRS】第2部第390话青蛇!」
  390 「【KBRS】第2部第390话青蛇！」 75 图
  → s2/390.pdf  (75 页)

!! 搜狗要验证码了 —— 断点在第 391 话。换个网络或等一阵，重跑同一条命令会自动续传。

本轮完成 35 话；目录内已有 36 话；仍缺 51 话 → s2/missing.txt
